cargo :     Finished 
`dev` profile 
[unoptimized + 
debuginfo] target(s) 
in 0.17s
At line:1 char:1
+ cargo run --bin 
test_chronos > 
test_output.txt 2>&1
+ ~~~~~~~~~~~~~~~~~~~
~~~~~~~~~~~~~~~~~~~~~
~~~~~~~~~~~
    + CategoryInfo   
           : NotSpe  
  cified: (    Fin   
 ished `d...get(s    
) in 0.17s:Strin    
g) [], RemoteExc    
eption
    + FullyQualified 
   ErrorId : Native  
  CommandError
 
     Running `target\
debug\test_chronos.ex
e`
Created ChronosBdh with N=50, D=20, Freq=1
Input Signal Norm: 4.27095
Stepped time to 1.5707964. Heartbeat: 1
Imprinted signal at t=1.5707964
advanced time to 629.88934
Output Norm: 11.157812
Reconstruction Cosine Similarity: 1
SUCCESS: Signal reconstructed.
